nohup: les entrées sont ignorées
[[1;34mINFO[m] Scanning for projects...
[[1;34mINFO[m] 
[[1;34mINFO[m] [1m--------------------------< [0;36mcom.cscm:backend[0;1m >--------------------------[m
[[1;34mINFO[m] [1mBuilding CSCM Backend 1.0.0[m
[[1;34mINFO[m] [1m--------------------------------[ jar ]---------------------------------[m
[[1;34mINFO[m] 
[[1;34mINFO[m] [1m>>> [0;32mspring-boot-maven-plugin:3.2.3:run[m [1m(default-cli)[0;1m > [0;1mtest-compile[m @ [36mbackend[0;1m >>>[m
[[1;34mINFO[m] 
[[1;34mINFO[m] [1m--- [0;32mmaven-resources-plugin:3.3.1:resources[m [1m(default-resources)[m @ [36mbackend[0;1m ---[m
[[1;34mINFO[m] Copying 1 resource from src/main/resources to target/classes
[[1;34mINFO[m] Copying 4 resources from src/main/resources to target/classes
[[1;34mINFO[m] 
[[1;34mINFO[m] [1m--- [0;32mmaven-compiler-plugin:3.11.0:compile[m [1m(default-compile)[m @ [36mbackend[0;1m ---[m
[[1;34mINFO[m] Nothing to compile - all classes are up to date
[[1;34mINFO[m] 
[[1;34mINFO[m] [1m--- [0;32mmaven-resources-plugin:3.3.1:testResources[m [1m(default-testResources)[m @ [36mbackend[0;1m ---[m
[[1;34mINFO[m] skip non existing resourceDirectory /home/bala/CSCM_PROJECT/backend/src/test/resources
[[1;34mINFO[m] 
[[1;34mINFO[m] [1m--- [0;32mmaven-compiler-plugin:3.11.0:testCompile[m [1m(default-testCompile)[m @ [36mbackend[0;1m ---[m
[[1;34mINFO[m] Nothing to compile - all classes are up to date
[[1;34mINFO[m] 
[[1;34mINFO[m] [1m<<< [0;32mspring-boot-maven-plugin:3.2.3:run[m [1m(default-cli)[0;1m < [0;1mtest-compile[m @ [36mbackend[0;1m <<<[m
[[1;34mINFO[m] 
[[1;34mINFO[m] 
[[1;34mINFO[m] [1m--- [0;32mspring-boot-maven-plugin:3.2.3:run[m [1m(default-cli)[m @ [36mbackend[0;1m ---[m
[[1;34mINFO[m] Attaching agents: []

  .   ____          _            __ _ _
 /\\ / ___'_ __ _ _(_)_ __  __ _ \ \ \ \
( ( )\___ | '_ | '_| | '_ \/ _` | \ \ \ \
 \\/  ___)| |_)| | | | | || (_| |  ) ) ) )
  '  |____| .__|_| |_|_| |_\__, | / / / /
 =========|_|==============|___/=/_/_/_/
[32m :: Spring Boot :: [39m              [2m (v3.2.3)[0;39m

[2m2026-03-03T23:17:50.639+01:00[0;39m [32m INFO[0;39m [35m201191[0;39m [2m---[0;39m [2m[cscm-backend] [  restartedMain][0;39m [2m[0;39m[36mc.cscm.backend.CscmBackendApplication   [0;39m [2m:[0;39m Starting CscmBackendApplication using Java 23 with PID 201191 (/home/bala/CSCM_PROJECT/backend/target/classes started by bala in /home/bala/CSCM_PROJECT/backend)
[2m2026-03-03T23:17:50.640+01:00[0;39m [32mDEBUG[0;39m [35m201191[0;39m [2m---[0;39m [2m[cscm-backend] [  restartedMain][0;39m [2m[0;39m[36mc.cscm.backend.CscmBackendApplication   [0;39m [2m:[0;39m Running with Spring Boot v3.2.3, Spring v6.1.4
[2m2026-03-03T23:17:50.641+01:00[0;39m [32m INFO[0;39m [35m201191[0;39m [2m---[0;39m [2m[cscm-backend] [  restartedMain][0;39m [2m[0;39m[36mc.cscm.backend.CscmBackendApplication   [0;39m [2m:[0;39m No active profile set, falling back to 1 default profile: "default"
[2m2026-03-03T23:17:50.699+01:00[0;39m [32m INFO[0;39m [35m201191[0;39m [2m---[0;39m [2m[cscm-backend] [  restartedMain][0;39m [2m[0;39m[36m.e.DevToolsPropertyDefaultsPostProcessor[0;39m [2m:[0;39m Devtools property defaults active! Set 'spring.devtools.add-properties' to 'false' to disable
[2m2026-03-03T23:17:50.699+01:00[0;39m [32m INFO[0;39m [35m201191[0;39m [2m---[0;39m [2m[cscm-backend] [  restartedMain][0;39m [2m[0;39m[36m.e.DevToolsPropertyDefaultsPostProcessor[0;39m [2m:[0;39m For additional web related logging consider setting the 'logging.level.web' property to 'DEBUG'
[2m2026-03-03T23:17:51.822+01:00[0;39m [32m INFO[0;39m [35m201191[0;39m [2m---[0;39m [2m[cscm-backend] [  restartedMain][0;39m [2m[0;39m[36m.s.d.r.c.RepositoryConfigurationDelegate[0;39m [2m:[0;39m Bootstrapping Spring Data JPA repositories in DEFAULT mode.
[2m2026-03-03T23:17:51.909+01:00[0;39m [32m INFO[0;39m [35m201191[0;39m [2m---[0;39m [2m[cscm-backend] [  restartedMain][0;39m [2m[0;39m[36m.s.d.r.c.RepositoryConfigurationDelegate[0;39m [2m:[0;39m Finished Spring Data repository scanning in 81 ms. Found 17 JPA repository interfaces.
[2m2026-03-03T23:17:52.885+01:00[0;39m [32m INFO[0;39m [35m201191[0;39m [2m---[0;39m [2m[cscm-backend] [  restartedMain][0;39m [2m[0;39m[36mo.s.b.w.embedded.tomcat.TomcatWebServer [0;39m [2m:[0;39m Tomcat initialized with port 8080 (http)
[2m2026-03-03T23:17:52.896+01:00[0;39m [32m INFO[0;39m [35m201191[0;39m [2m---[0;39m [2m[cscm-backend] [  restartedMain][0;39m [2m[0;39m[36mo.apache.catalina.core.StandardService  [0;39m [2m:[0;39m Starting service [Tomcat]
[2m2026-03-03T23:17:52.896+01:00[0;39m [32m INFO[0;39m [35m201191[0;39m [2m---[0;39m [2m[cscm-backend] [  restartedMain][0;39m [2m[0;39m[36mo.apache.catalina.core.StandardEngine   [0;39m [2m:[0;39m Starting Servlet engine: [Apache Tomcat/10.1.19]
[2m2026-03-03T23:17:52.947+01:00[0;39m [32m INFO[0;39m [35m201191[0;39m [2m---[0;39m [2m[cscm-backend] [  restartedMain][0;39m [2m[0;39m[36mo.a.c.c.C.[Tomcat].[localhost].[/api]   [0;39m [2m:[0;39m Initializing Spring embedded WebApplicationContext
[2m2026-03-03T23:17:52.948+01:00[0;39m [32m INFO[0;39m [35m201191[0;39m [2m---[0;39m [2m[cscm-backend] [  restartedMain][0;39m [2m[0;39m[36mw.s.c.ServletWebServerApplicationContext[0;39m [2m:[0;39m Root WebApplicationContext: initialization completed in 2247 ms
[2m2026-03-03T23:17:53.250+01:00[0;39m [32m INFO[0;39m [35m201191[0;39m [2m---[0;39m [2m[cscm-backend] [  restartedMain][0;39m [2m[0;39m[36mcom.zaxxer.hikari.HikariDataSource      [0;39m [2m:[0;39m HikariPool-1 - Starting...
[2m2026-03-03T23:17:53.728+01:00[0;39m [32m INFO[0;39m [35m201191[0;39m [2m---[0;39m [2m[cscm-backend] [  restartedMain][0;39m [2m[0;39m[36mcom.zaxxer.hikari.pool.HikariPool       [0;39m [2m:[0;39m HikariPool-1 - Added connection org.postgresql.jdbc.PgConnection@681e42c3
[2m2026-03-03T23:17:53.732+01:00[0;39m [32m INFO[0;39m [35m201191[0;39m [2m---[0;39m [2m[cscm-backend] [  restartedMain][0;39m [2m[0;39m[36mcom.zaxxer.hikari.HikariDataSource      [0;39m [2m:[0;39m HikariPool-1 - Start completed.
[2m2026-03-03T23:17:53.913+01:00[0;39m [32m INFO[0;39m [35m201191[0;39m [2m---[0;39m [2m[cscm-backend] [  restartedMain][0;39m [2m[0;39m[36mo.f.c.internal.license.VersionPrinter   [0;39m [2m:[0;39m Flyway Community Edition 9.22.3 by Redgate
[2m2026-03-03T23:17:53.914+01:00[0;39m [32m INFO[0;39m [35m201191[0;39m [2m---[0;39m [2m[cscm-backend] [  restartedMain][0;39m [2m[0;39m[36mo.f.c.internal.license.VersionPrinter   [0;39m [2m:[0;39m See release notes here: https://rd.gt/416ObMi
[2m2026-03-03T23:17:53.914+01:00[0;39m [32m INFO[0;39m [35m201191[0;39m [2m---[0;39m [2m[cscm-backend] [  restartedMain][0;39m [2m[0;39m[36mo.f.c.internal.license.VersionPrinter   [0;39m [2m:[0;39m 
[2m2026-03-03T23:17:53.926+01:00[0;39m [32m INFO[0;39m [35m201191[0;39m [2m---[0;39m [2m[cscm-backend] [  restartedMain][0;39m [2m[0;39m[36morg.flywaydb.core.FlywayExecutor        [0;39m [2m:[0;39m Database: jdbc:postgresql://localhost:5432/cscm_db (PostgreSQL 15.5)
[2m2026-03-03T23:17:53.970+01:00[0;39m [32m INFO[0;39m [35m201191[0;39m [2m---[0;39m [2m[cscm-backend] [  restartedMain][0;39m [2m[0;39m[36mo.f.core.internal.command.DbValidate    [0;39m [2m:[0;39m Successfully validated 4 migrations (execution time 00:00.028s)
[2m2026-03-03T23:17:53.985+01:00[0;39m [32m INFO[0;39m [35m201191[0;39m [2m---[0;39m [2m[cscm-backend] [  restartedMain][0;39m [2m[0;39m[36mo.f.core.internal.command.DbMigrate     [0;39m [2m:[0;39m Current version of schema "public": 4
[2m2026-03-03T23:17:53.988+01:00[0;39m [32m INFO[0;39m [35m201191[0;39m [2m---[0;39m [2m[cscm-backend] [  restartedMain][0;39m [2m[0;39m[36mo.f.core.internal.command.DbMigrate     [0;39m [2m:[0;39m Schema "public" is up to date. No migration necessary.
[2m2026-03-03T23:17:54.143+01:00[0;39m [32m INFO[0;39m [35m201191[0;39m [2m---[0;39m [2m[cscm-backend] [  restartedMain][0;39m [2m[0;39m[36mo.hibernate.jpa.internal.util.LogHelper [0;39m [2m:[0;39m HHH000204: Processing PersistenceUnitInfo [name: default]
[2m2026-03-03T23:17:54.278+01:00[0;39m [32m INFO[0;39m [35m201191[0;39m [2m---[0;39m [2m[cscm-backend] [  restartedMain][0;39m [2m[0;39m[36morg.hibernate.Version                   [0;39m [2m:[0;39m HHH000412: Hibernate ORM core version 6.4.4.Final
[2m2026-03-03T23:17:54.373+01:00[0;39m [32m INFO[0;39m [35m201191[0;39m [2m---[0;39m [2m[cscm-backend] [  restartedMain][0;39m [2m[0;39m[36mo.h.c.internal.RegionFactoryInitiator   [0;39m [2m:[0;39m HHH000026: Second-level cache disabled
[2m2026-03-03T23:17:55.027+01:00[0;39m [32m INFO[0;39m [35m201191[0;39m [2m---[0;39m [2m[cscm-backend] [  restartedMain][0;39m [2m[0;39m[36mo.s.o.j.p.SpringPersistenceUnitInfo     [0;39m [2m:[0;39m No LoadTimeWeaver setup: ignoring JPA class transformer
[2m2026-03-03T23:17:55.187+01:00[0;39m [33m WARN[0;39m [35m201191[0;39m [2m---[0;39m [2m[cscm-backend] [  restartedMain][0;39m [2m[0;39m[36morg.hibernate.orm.deprecation           [0;39m [2m:[0;39m HHH90000025: PostgreSQLDialect does not need to be specified explicitly using 'hibernate.dialect' (remove the property setting and it will be selected by default)
[2m2026-03-03T23:17:57.347+01:00[0;39m [32m INFO[0;39m [35m201191[0;39m [2m---[0;39m [2m[cscm-backend] [  restartedMain][0;39m [2m[0;39m[36mo.h.e.t.j.p.i.JtaPlatformInitiator      [0;39m [2m:[0;39m HHH000489: No JTA platform available (set 'hibernate.transaction.jta.platform' to enable JTA platform integration)
[2m2026-03-03T23:17:57.506+01:00[0;39m [32m INFO[0;39m [35m201191[0;39m [2m---[0;39m [2m[cscm-backend] [  restartedMain][0;39m [2m[0;39m[36mj.LocalContainerEntityManagerFactoryBean[0;39m [2m:[0;39m Initialized JPA EntityManagerFactory for persistence unit 'default'
[2m2026-03-03T23:17:58.319+01:00[0;39m [32mDEBUG[0;39m [35m201191[0;39m [2m---[0;39m [2m[cscm-backend] [  restartedMain][0;39m [2m[0;39m[36mc.cscm.backend.security.JwtAuthFilter   [0;39m [2m:[0;39m Filter 'jwtAuthFilter' configured for use
[2m2026-03-03T23:17:58.443+01:00[0;39m [32m INFO[0;39m [35m201191[0;39m [2m---[0;39m [2m[cscm-backend] [  restartedMain][0;39m [2m[0;39m[36mo.s.d.j.r.query.QueryEnhancerFactory    [0;39m [2m:[0;39m Hibernate is in classpath; If applicable, HQL parser will be used.
[2m2026-03-03T23:18:00.550+01:00[0;39m [33m WARN[0;39m [35m201191[0;39m [2m---[0;39m [2m[cscm-backend] [  restartedMain][0;39m [2m[0;39m[36mJpaBaseConfiguration$JpaWebConfiguration[0;39m [2m:[0;39m spring.jpa.open-in-view is enabled by default. Therefore, database queries may be performed during view rendering. Explicitly configure spring.jpa.open-in-view to disable this warning
[2m2026-03-03T23:18:01.134+01:00[0;39m [32m INFO[0;39m [35m201191[0;39m [2m---[0;39m [2m[cscm-backend] [  restartedMain][0;39m [2m[0;39m[36mo.s.b.a.e.web.EndpointLinksResolver     [0;39m [2m:[0;39m Exposing 3 endpoint(s) beneath base path '/actuator'
[2m2026-03-03T23:18:01.240+01:00[0;39m [32m INFO[0;39m [35m201191[0;39m [2m---[0;39m [2m[cscm-backend] [  restartedMain][0;39m [2m[0;39m[36mo.s.s.web.DefaultSecurityFilterChain    [0;39m [2m:[0;39m Will secure any request with [org.springframework.security.web.session.DisableEncodeUrlFilter@295edeee, org.springframework.security.web.context.request.async.WebAsyncManagerIntegrationFilter@53ba7526, org.springframework.security.web.context.SecurityContextHolderFilter@31837e6a, org.springframework.security.web.header.HeaderWriterFilter@1719bb06, org.springframework.web.filter.CorsFilter@3020540e, org.springframework.security.web.authentication.logout.LogoutFilter@214e850d, com.cscm.backend.security.JwtAuthFilter@3f5d7653, org.springframework.security.web.savedrequest.RequestCacheAwareFilter@3943851f, org.springframework.security.web.servletapi.SecurityContextHolderAwareRequestFilter@26ac78b3, org.springframework.security.web.authentication.AnonymousAuthenticationFilter@54209afa, org.springframework.security.web.session.SessionManagementFilter@66efce5, org.springframework.security.web.access.ExceptionTranslationFilter@4b3f15f4, org.springframework.security.web.access.intercept.AuthorizationFilter@30b96359]
[2m2026-03-03T23:18:02.094+01:00[0;39m [33m WARN[0;39m [35m201191[0;39m [2m---[0;39m [2m[cscm-backend] [  restartedMain][0;39m [2m[0;39m[36mo.s.b.d.a.OptionalLiveReloadServer      [0;39m [2m:[0;39m Unable to start LiveReload server
[2m2026-03-03T23:18:02.189+01:00[0;39m [32m INFO[0;39m [35m201191[0;39m [2m---[0;39m [2m[cscm-backend] [  restartedMain][0;39m [2m[0;39m[36mo.s.b.w.embedded.tomcat.TomcatWebServer [0;39m [2m:[0;39m Tomcat started on port 8080 (http) with context path '/api'
[2m2026-03-03T23:18:02.226+01:00[0;39m [32m INFO[0;39m [35m201191[0;39m [2m---[0;39m [2m[cscm-backend] [  restartedMain][0;39m [2m[0;39m[36mc.cscm.backend.CscmBackendApplication   [0;39m [2m:[0;39m Started CscmBackendApplication in 12.23 seconds (process running for 12.691)
[2m2026-03-03T23:19:21.548+01:00[0;39m [32m INFO[0;39m [35m201191[0;39m [2m---[0;39m [2m[cscm-backend] [nio-8080-exec-1][0;39m [2m[0;39m[36mo.a.c.c.C.[Tomcat].[localhost].[/api]   [0;39m [2m:[0;39m Initializing Spring DispatcherServlet 'dispatcherServlet'
[2m2026-03-03T23:19:21.548+01:00[0;39m [32m INFO[0;39m [35m201191[0;39m [2m---[0;39m [2m[cscm-backend] [nio-8080-exec-1][0;39m [2m[0;39m[36mo.s.web.servlet.DispatcherServlet       [0;39m [2m:[0;39m Initializing Servlet 'dispatcherServlet'
[2m2026-03-03T23:19:21.551+01:00[0;39m [32m INFO[0;39m [35m201191[0;39m [2m---[0;39m [2m[cscm-backend] [nio-8080-exec-1][0;39m [2m[0;39m[36mo.s.web.servlet.DispatcherServlet       [0;39m [2m:[0;39m Completed initialization in 3 ms
[2m2026-03-03T23:21:11.936+01:00[0;39m [32mDEBUG[0;39m [35m201191[0;39m [2m---[0;39m [2m[cscm-backend] [nio-8080-exec-3][0;39m [2m[0;39m[36mcom.cscm.backend.aspect.AuditAspect     [0;39m [2m:[0;39m Audit record created for user: patient@gmail.com action: POST /api/auth/logout
[2m2026-03-03T23:21:56.363+01:00[0;39m [33m WARN[0;39m [35m201191[0;39m [2m---[0;39m [2m[cscm-backend] [nio-8080-exec-5][0;39m [2m[0;39m[36m.m.m.a.ExceptionHandlerExceptionResolver[0;39m [2m:[0;39m Resolved [org.springframework.security.authentication.BadCredentialsException: Bad credentials]
[2m2026-03-04T00:00:00.041+01:00[0;39m [32m INFO[0;39m [35m201191[0;39m [2m---[0;39m [2m[cscm-backend] [   scheduling-1][0;39m [2m[0;39m[36mcom.cscm.backend.job.AutoRevocationJob  [0;39m [2m:[0;39m Running AutoRevocationJob to check for expired doctor access approvals...
[2m2026-03-04T00:00:00.126+01:00[0;39m [32mDEBUG[0;39m [35m201191[0;39m [2m---[0;39m [2m[cscm-backend] [   scheduling-1][0;39m [2m[0;39m[36mcom.cscm.backend.job.AutoRevocationJob  [0;39m [2m:[0;39m No expired approbations found at this time.
[2m2026-03-04T01:00:00.006+01:00[0;39m [32m INFO[0;39m [35m201191[0;39m [2m---[0;39m [2m[cscm-backend] [   scheduling-1][0;39m [2m[0;39m[36mcom.cscm.backend.job.AutoRevocationJob  [0;39m [2m:[0;39m Running AutoRevocationJob to check for expired doctor access approvals...
[2m2026-03-04T01:00:00.077+01:00[0;39m [32mDEBUG[0;39m [35m201191[0;39m [2m---[0;39m [2m[cscm-backend] [   scheduling-1][0;39m [2m[0;39m[36mcom.cscm.backend.job.AutoRevocationJob  [0;39m [2m:[0;39m No expired approbations found at this time.
[2m2026-03-04T02:00:00.519+01:00[0;39m [32m INFO[0;39m [35m201191[0;39m [2m---[0;39m [2m[cscm-backend] [   scheduling-1][0;39m [2m[0;39m[36mcom.cscm.backend.job.AutoRevocationJob  [0;39m [2m:[0;39m Running AutoRevocationJob to check for expired doctor access approvals...
[2m2026-03-04T02:00:01.074+01:00[0;39m [32mDEBUG[0;39m [35m201191[0;39m [2m---[0;39m [2m[cscm-backend] [   scheduling-1][0;39m [2m[0;39m[36mcom.cscm.backend.job.AutoRevocationJob  [0;39m [2m:[0;39m No expired approbations found at this time.
[2m2026-03-04T03:00:01.114+01:00[0;39m [32m INFO[0;39m [35m201191[0;39m [2m---[0;39m [2m[cscm-backend] [   scheduling-1][0;39m [2m[0;39m[36mcom.cscm.backend.job.AutoRevocationJob  [0;39m [2m:[0;39m Running AutoRevocationJob to check for expired doctor access approvals...
[2m2026-03-04T03:00:02.723+01:00[0;39m [32mDEBUG[0;39m [35m201191[0;39m [2m---[0;39m [2m[cscm-backend] [   scheduling-1][0;39m [2m[0;39m[36mcom.cscm.backend.job.AutoRevocationJob  [0;39m [2m:[0;39m No expired approbations found at this time.
[0m[0m[2m2026-03-04T04:11:03.093+01:00[0;39m [32m INFO[0;39m [35m201191[0;39m [2m---[0;39m [2m[cscm-backend] [ionShutdownHook][0;39m [2m[0;39m[36mj.LocalContainerEntityManagerFactoryBean[0;39m [2m:[0;39m Closing JPA EntityManagerFactory for persistence unit 'default'
[2m2026-03-04T04:11:03.109+01:00[0;39m [32m INFO[0;39m [35m201191[0;39m [2m---[0;39m [2m[cscm-backend] [ionShutdownHook][0;39m [2m[0;39m[36mcom.zaxxer.hikari.HikariDataSource      [0;39m [2m:[0;39m HikariPool-1 - Shutdown initiated...
[2m2026-03-04T04:11:03.115+01:00[0;39m [32m INFO[0;39m [35m201191[0;39m [2m---[0;39m [2m[cscm-backend] [ionShutdownHook][0;39m [2m[0;39m[36mcom.zaxxer.hikari.HikariDataSource      [0;39m [2m:[0;39m HikariPool-1 - Shutdown completed.
